
> nutribite@0.0.0 build
> vite build

[36mvite v7.3.1 [32mbuilding client environment for production...[36m[39m
transforming...
node.exe : Error: 
Cannot apply unknown 
utility class 
`bg-slate-50`. Are you 
using CSS modules or 
similar and missing 
`@reference`? https://t
ailwindcss.com/docs/fun
ctions-and-directives#r
eference-directive
At line:1 char:1
+ & 
"D:\Node.js/node.exe" "
D:\Node.js/node_modules
/npm/bin/npm-cli.js"  
...
+ ~~~~~~~~~~~~~~~~~~~~~
~~~~~~~~~~~~~~~~~~~~~~~
~~~~~~~~~~~~~~~~~~~~~~~
~~
    + CategoryInfo     
         : NotSpecifi  
  ed: (Error: Cannot   
  a...rence-directi    
ve:String) [], Rem    
oteException
    + FullyQualifiedEr 
   rorId : NativeComm  
  andError
 
    at 
onInvalidCandidate (D:\
FSAD\NutriBite\node_mod
ules\tailwindcss\dist\l
ib.js:21:1314)
    at Ee (D:\FSAD\Nutr
iBite\node_modules\tail
windcss\dist\lib.js:16:
37066)
    at D:\FSAD\NutriBit
e\node_modules\tailwind
css\dist\lib.js:21:355
    at Pr (D:\FSAD\Nutr
iBite\node_modules\tail
windcss\dist\lib.js:3:1
733)
    at _ (D:\FSAD\Nutri
Bite\node_modules\tailw
indcss\dist\lib.js:3:13
77)
    at Te (D:\FSAD\Nutr
iBite\node_modules\tail
windcss\dist\lib.js:21:
172)
    at pn (D:\FSAD\Nutr
iBite\node_modules\tail
windcss\dist\lib.js:38:
294)
    at async dn (D:\FSA
D\NutriBite\node_module
s\tailwindcss\dist\lib.
js:38:631)
    at async Xr (D:\FSA
D\NutriBite\node_module
s\@tailwindcss\node\dis
t\index.js:10:3417)
    at async N (D:\FSAD
\NutriBite\node_modules
\@tailwindcss\postcss\d
ist\index.js:10:3979)
[32mΓ£ô[39m 18 modules transformed.
[31mΓ£ù[39m Build 
failed in 1.50s
[31merror during 
build:
[31m[vite:css] 
[postcss] tailwindcss: 
D:/FSAD/NutriBite/src/i
ndex.css:1:1: Cannot 
apply unknown utility 
class `bg-slate-50`. 
Are you using CSS 
modules or similar and 
missing `@reference`? h
ttps://tailwindcss.com/
docs/functions-and-dire
ctives#reference-direct
ive[31m
file: [36mD:/FSAD/Nutr
iBite/src/index.css:1:0
[31m
    at Input.error (D:\
FSAD\NutriBite\node_mod
ules\postcss\lib\input.
js:135:16)
    at Root.error (D:\F
SAD\NutriBite\node_modu
les\postcss\lib\node.js
:146:32)
    at Object.Once (D:\
FSAD\NutriBite\node_mod
ules\@tailwindcss\postc
ss\dist\index.js:10:691
3)
    at async 
LazyResult.runAsync (D:
\FSAD\NutriBite\node_mo
dules\postcss\lib\lazy-
result.js:293:11)
    at async 
runPostCSS (file:///D:/
FSAD/NutriBite/node_mod
ules/vite/dist/node/chu
nks/config.js:30145:19)
    at async 
compilePostCSS (file://
/D:/FSAD/NutriBite/node
_modules/vite/dist/node
/chunks/config.js:30129
:6)
    at async 
compileCSS (file:///D:/
FSAD/NutriBite/node_mod
ules/vite/dist/node/chu
nks/config.js:30059:26)
    at async 
Object.handler (file://
/D:/FSAD/NutriBite/node
_modules/vite/dist/node
/chunks/config.js:29592
:54)
    at async transform 
(file:///D:/FSAD/NutriB
ite/node_modules/rollup
/dist/es/shared/node-en
try.js:21269:16)
    at async ModuleLoad
er.addModuleSource (fil
e:///D:/FSAD/NutriBite/
node_modules/rollup/dis
t/es/shared/node-entry.
js:21497:36)[39m
